Using pre-set license
Built from '2021.3/china_unity/release' branch; Version is '2021.3.45f2c1 (8058fe21db2f) revision 8411390'; Using compiler version '192829333'; Build Type 'Release'
OS: 'Windows 10  (10.0.19045) 64bit CoreCountrySpecific' Language: 'zh' Physical Memory: 16254 MB
BatchMode: 1, IsHumanControllingUs: 0, StartBugReporterOnCrash: 0, Is64bit: 1, IsPro: 1

COMMAND LINE ARGUMENTS:
E:\UnityEditor\2021.3.45f2c1\Editor\Unity.exe
-adb2
-batchMode
-noUpm
-name
AssetImportWorker0
-projectPath
E:/项目/Unity/工程/Mirror_Learn
-logFile
Logs/AssetImportWorker0.log
-srvPort
59993
Successfully changed project path to: E:/项目/Unity/工程/Mirror_Learn
E:/项目/Unity/工程/Mirror_Learn
[UnityMemory] Configuration Parameters - Can be set up in boot.config
    "memorysetup-bucket-allocator-granularity=16"
    "memorysetup-bucket-allocator-bucket-count=8"
    "memorysetup-bucket-allocator-block-size=33554432"
    "memorysetup-bucket-allocator-block-count=8"
    "memorysetup-main-allocator-block-size=16777216"
    "memorysetup-thread-allocator-block-size=16777216"
    "memorysetup-gfx-main-allocator-block-size=16777216"
    "memorysetup-gfx-thread-allocator-block-size=16777216"
    "memorysetup-cache-allocator-block-size=4194304"
    "memorysetup-typetree-allocator-block-size=2097152"
    "memorysetup-profiler-bucket-allocator-granularity=16"
    "memorysetup-profiler-bucket-allocator-bucket-count=8"
    "memorysetup-profiler-bucket-allocator-block-size=33554432"
    "memorysetup-profiler-bucket-allocator-block-count=8"
    "memorysetup-profiler-allocator-block-size=16777216"
    "memorysetup-profiler-editor-allocator-block-size=1048576"
    "memorysetup-temp-allocator-size-main=16777216"
    "memorysetup-job-temp-allocator-block-size=2097152"
    "memorysetup-job-temp-allocator-block-size-background=1048576"
    "memorysetup-job-temp-allocator-reduction-small-platforms=262144"
    "memorysetup-temp-allocator-size-background-worker=32768"
    "memorysetup-temp-allocator-size-job-worker=262144"
    "memorysetup-temp-allocator-size-preload-manager=33554432"
    "memorysetup-temp-allocator-size-nav-mesh-worker=65536"
    "memorysetup-temp-allocator-size-audio-worker=65536"
    "memorysetup-temp-allocator-size-cloud-worker=32768"
    "memorysetup-temp-allocator-size-gi-baking-worker=262144"
    "memorysetup-temp-allocator-size-gfx=262144"
Player connection [123324] Host "[IP] 192.168.2.12 [Port] 0 [Flags] 2 [Guid] 196649862 [EditorId] 196649862 [Version] 1048832 [Id] WindowsEditor(7,WINDOWS-ST7BKF2) [Debug] 1 [PackageName] WindowsEditor [ProjectName] Editor" joined multi-casting on [225.0.0.222:54997]...

Player connection [123324] Host "[IP] 192.168.2.12 [Port] 0 [Flags] 2 [Guid] 196649862 [EditorId] 196649862 [Version] 1048832 [Id] WindowsEditor(7,WINDOWS-ST7BKF2) [Debug] 1 [PackageName] WindowsEditor [ProjectName] Editor" joined alternative multi-casting on [225.0.0.222:34997]...

AS: AutoStreaming module initializing.
[Physics::Module] Initialized MultithreadedJobDispatcher with {0} workers.
Refreshing native plugins compatible for Editor in 2004.70 ms, found 3 plugins.
Preloading 0 native plugins for Editor in 0.00 ms.
Initialize engine version: 2021.3.45f2c1 (8058fe21db2f)
[Subsystems] Discovering subsystems at path E:/UnityEditor/2021.3.45f2c1/Editor/Data/Resources/UnitySubsystems
[Subsystems] Discovering subsystems at path E:/项目/Unity/工程/Mirror_Learn/Assets
GfxDevice: creating device client; threaded=0; jobified=0
Direct3D:
    Version:  Direct3D 11.0 [level 11.1]
    Renderer: Intel(R) UHD Graphics 630 (ID=0x3e92)
    Vendor:   Intel
    VRAM:     8127 MB
    Driver:   31.0.101.2111
Initialize mono
Mono path[0] = 'E:/UnityEditor/2021.3.45f2c1/Editor/Data/Managed'
Mono path[1] = 'E:/UnityEditor/2021.3.45f2c1/Editor/Data/MonoBleedingEdge/lib/mono/unityjit-win32'
Mono config path = 'E:/UnityEditor/2021.3.45f2c1/Editor/Data/MonoBleedingEdge/etc'
Using monoOptions --debugger-agent=transport=dt_socket,embedding=1,server=y,suspend=n,address=127.0.0.1:56188
Begin MonoManager ReloadAssembly
Registering precompiled unity dll's ...
Register platform support module: E:/UnityEditor/2021.3.45f2c1/Editor/Data/PlaybackEngines/WebGLSupport/UnityEditor.WebGL.Extensions.dll
Register platform support module: E:/UnityEditor/2021.3.45f2c1/Editor/Data/PlaybackEngines/WindowsStandaloneSupport/UnityEditor.WindowsStandalone.Extensions.dll
Registered in 0.046611 seconds.
Native extension for WindowsStandalone target not found
Native extension for WebGL target not found
Refreshing native plugins compatible for Editor in 126.77 ms, found 3 plugins.
Preloading 0 native plugins for Editor in 0.00 ms.
Mono: successfully reloaded assembly
- Completed reload, in  2.375 seconds
Domain Reload Profiling:
	ReloadAssembly (2376ms)
		BeginReloadAssembly (1302ms)
			ExecutionOrderSort (0ms)
			DisableScriptedObjects (0ms)
			BackupInstance (0ms)
			ReleaseScriptingObjects (0ms)
			CreateAndSetChildDomain (1ms)
		EndReloadAssembly (895ms)
			LoadAssemblies (1331ms)
			RebuildTransferFunctionScriptingTraits (0ms)
			SetupTypeCache (329ms)
			ReleaseScriptCaches (0ms)
			RebuildScriptCaches (45ms)
			SetupLoadedEditorAssemblies (400ms)
				LogAssemblyErrors (0ms)
				InitializePlatformSupportModulesInManaged (10ms)
				SetLoadedEditorAssemblies (0ms)
				RefreshPlugins (127ms)
				BeforeProcessingInitializeOnLoad (1ms)
				ProcessInitializeOnLoadAttributes (187ms)
				ProcessInitializeOnLoadMethodAttributes (74ms)
				AfterProcessingInitializeOnLoad (0ms)
				EditorAssembliesLoaded (0ms)
			ExecutionOrderSort2 (0ms)
			AwakeInstancesAfterBackupRestoration (0ms)
Platform modules already initialized, skipping
Registering precompiled user dll's ...
Registered in 0.363221 seconds.
Begin MonoManager ReloadAssembly
Symbol file LoadedFromMemory is not a mono symbol file
Native extension for WindowsStandalone target not found
Native extension for WebGL target not found
Refreshing native plugins compatible for Editor in 0.80 ms, found 3 plugins.
Preloading 0 native plugins for Editor in 0.00 ms.
Package Manager log level set to [2]
[Package Manager] Server::EnsureServerProcessIsRunning -- launch failed, reason: Unity was launched with the -noUpm command-line argument
[Package Manager] Cannot connect to Unity Package Manager local server
Mirror | mirror-networking.com | discord.gg/N9QVxbM
Mono: successfully reloaded assembly
- Completed reload, in  3.734 seconds
Domain Reload Profiling:
	ReloadAssembly (3736ms)
		BeginReloadAssembly (160ms)
			ExecutionOrderSort (0ms)
			DisableScriptedObjects (7ms)
			BackupInstance (0ms)
			ReleaseScriptingObjects (0ms)
			CreateAndSetChildDomain (48ms)
		EndReloadAssembly (3356ms)
			LoadAssemblies (1300ms)
			RebuildTransferFunctionScriptingTraits (0ms)
			SetupTypeCache (621ms)
			ReleaseScriptCaches (1ms)
			RebuildScriptCaches (67ms)
			SetupLoadedEditorAssemblies (1345ms)
				LogAssemblyErrors (0ms)
				InitializePlatformSupportModulesInManaged (6ms)
				SetLoadedEditorAssemblies (1ms)
				RefreshPlugins (1ms)
				BeforeProcessingInitializeOnLoad (65ms)
				ProcessInitializeOnLoadAttributes (1233ms)
				ProcessInitializeOnLoadMethodAttributes (36ms)
				AfterProcessingInitializeOnLoad (3ms)
				EditorAssembliesLoaded (0ms)
			ExecutionOrderSort2 (0ms)
			AwakeInstancesAfterBackupRestoration (6ms)
Platform modules already initialized, skipping
========================================================================
Worker process is ready to serve import requests
Launched and connected shader compiler UnityShaderCompiler.exe after 0.18 seconds
Refreshing native plugins compatible for Editor in 0.64 ms, found 3 plugins.
Preloading 0 native plugins for Editor in 0.00 ms.
Unloading 3711 Unused Serialized files (Serialized files now loaded: 0)
Unloading 34 unused Assets / (46.6 KB). Loaded Objects now: 4166.
Memory consumption went from 132.5 MB to 132.5 MB.
Total: 4.525100 ms (FindLiveObjects: 0.283500 ms CreateObjectMapping: 0.196100 ms MarkObjects: 3.916200 ms  DeleteObjects: 0.127800 ms)

AssetImportParameters requested are different than current active one (requested -> active):
  custom:video-decoder-ogg-theora: a1e56fd34408186e4bbccfd4996cb3dc -> 
  custom:container-muxer-webm: aa71ff27fc2769a1b78a27578f13a17b -> 
  custom:container-demuxer-webm: 4f35f7cbe854078d1ac9338744f61a02 -> 
  custom:video-encoder-webm-vp8: eb34c28f22e8b96e1ab97ce403110664 -> 
  custom:CustomObjectIndexerAttribute: bc11b3a6c3213fcdd17b65e7da85e133 -> 
  custom:audio-encoder-webm-vorbis: bf7c407c2cedff20999df2af8eb42d56 -> 
  custom:framework-win-MediaFoundation: 216162199b28c13a410421893ffa2e32 -> 
  custom:SearchIndexIgnoredProperties: e643bd26f0fe6173181afceb89e7c659 -> 
  custom:container-demuxer-ogg: 62fdf1f143b41e24485cea50d1cbac27 -> 
  custom:video-decoder-webm-vp8: 9c59270c3fd7afecdb556c50c9e8de78 -> 
  custom:audio-decoder-ogg-vorbis: bf7c407c2cedff20999df2af8eb42d56 -> 
========================================================================
Received Import Request.
  Time since last request: 1020135.166731 seconds.
  path: Assets/Scripts/Networking/README_NetworkLearning.md
  artifactKey: Guid(bce985d37f3f5124d8390eef448b6655) Importer(815301076,1909f56bfc062723c751e8b465ee728b)
Number of updated assets reloaded before import = 0
Start importing Assets/Scripts/Networking/README_NetworkLearning.md using Guid(bce985d37f3f5124d8390eef448b6655) Importer(815301076,1909f56bfc062723c751e8b465ee728b)  -> (artifact id: '1fe3a687ec473438ec8e810e20598356') in 0.093454 seconds 
Number of asset objects unloaded after import = 1
========================================================================
Received Import Request.
  Time since last request: 256.288195 seconds.
  path: Assets/Art/ShootPackage/X Bot@Crouch Walking (1).fbx
  artifactKey: Guid(77950caf16c88d34794da5f728cd33b3) Importer(815301076,1909f56bfc062723c751e8b465ee728b)
Number of updated assets reloaded before import = 0
Start importing Assets/Art/ShootPackage/X Bot@Crouch Walking (1).fbx using Guid(77950caf16c88d34794da5f728cd33b3) Importer(815301076,1909f56bfc062723c751e8b465ee728b)  -> (artifact id: '0288bfeebec5b41c457e8986d7d2b166') in 0.844664 seconds 
Number of asset objects unloaded after import = 145
========================================================================
Received Import Request.
  Time since last request: 5.932623 seconds.
  path: Assets/Art/ShootPackage/X Bot.fbx
  artifactKey: Guid(e8f6b3a53c8728040b8c29e796d9ca20) Importer(815301076,1909f56bfc062723c751e8b465ee728b)
Number of updated assets reloaded before import = 0
Start importing Assets/Art/ShootPackage/X Bot.fbx using Guid(e8f6b3a53c8728040b8c29e796d9ca20) Importer(815301076,1909f56bfc062723c751e8b465ee728b)  -> (artifact id: 'aed4ddbb2506b8f44f00234ee964bc32') in 0.051792 seconds 
Number of asset objects unloaded after import = 147
========================================================================
Received Import Request.
  Time since last request: 1.691056 seconds.
  path: Assets/Art/ShootPackage/X Bot@Crouch Walking (1).fbx
  artifactKey: Guid(77950caf16c88d34794da5f728cd33b3) Importer(815301076,1909f56bfc062723c751e8b465ee728b)
Number of updated assets reloaded before import = 0
Start importing Assets/Art/ShootPackage/X Bot@Crouch Walking (1).fbx using Guid(77950caf16c88d34794da5f728cd33b3) Importer(815301076,1909f56bfc062723c751e8b465ee728b)  -> (artifact id: '82148719d57b355ef89592ac7dbd4807') in 0.110686 seconds 
Number of asset objects unloaded after import = 145
========================================================================
Received Import Request.
  Time since last request: 8.495200 seconds.
  path: Assets/Art/ShootPackage/X Bot@Crouch Walking (1).fbx
  artifactKey: Guid(77950caf16c88d34794da5f728cd33b3) Importer(815301076,1909f56bfc062723c751e8b465ee728b)
Number of updated assets reloaded before import = 0
Start importing Assets/Art/ShootPackage/X Bot@Crouch Walking (1).fbx using Guid(77950caf16c88d34794da5f728cd33b3) Importer(815301076,1909f56bfc062723c751e8b465ee728b)  -> (artifact id: '4668ec0a24a80f590607f99f713ead1a') in 0.173180 seconds 
Number of asset objects unloaded after import = 145
========================================================================
Received Import Request.
  Time since last request: 7.185719 seconds.
  path: Assets/Art/ShootPackage/X Bot@Drop Kick.fbx
  artifactKey: Guid(5cbf672400755f046bd59af4f4d3743e) Importer(815301076,1909f56bfc062723c751e8b465ee728b)
Number of updated assets reloaded before import = 0
Start importing Assets/Art/ShootPackage/X Bot@Drop Kick.fbx using Guid(5cbf672400755f046bd59af4f4d3743e) Importer(815301076,1909f56bfc062723c751e8b465ee728b)  -> (artifact id: '904742003d05582e16d3509e85997f59') in 0.093362 seconds 
Number of asset objects unloaded after import = 145
========================================================================
Received Import Request.
  Time since last request: 4.003697 seconds.
  path: Assets/Art/ShootPackage/X Bot@Idle Crouching.fbx
  artifactKey: Guid(17777a7b894c96546a8202bb18d7edf6) Importer(815301076,1909f56bfc062723c751e8b465ee728b)
Number of updated assets reloaded before import = 0
Start importing Assets/Art/ShootPackage/X Bot@Idle Crouching.fbx using Guid(17777a7b894c96546a8202bb18d7edf6) Importer(815301076,1909f56bfc062723c751e8b465ee728b)  -> (artifact id: 'f6123cb87697f1a9b23d9d79d66fe674') in 0.092905 seconds 
Number of asset objects unloaded after import = 145
========================================================================
Received Import Request.
  Time since last request: 0.494945 seconds.
  path: Assets/Art/ShootPackage/X Bot@Running Forward Flip.fbx
  artifactKey: Guid(053fae3cec9b13543b2b0b5c9e030fe8) Importer(815301076,1909f56bfc062723c751e8b465ee728b)
Number of updated assets reloaded before import = 0
Start importing Assets/Art/ShootPackage/X Bot@Running Forward Flip.fbx using Guid(053fae3cec9b13543b2b0b5c9e030fe8) Importer(815301076,1909f56bfc062723c751e8b465ee728b)  -> (artifact id: '545e58fa4572633f008ace52748f2768') in 0.084819 seconds 
Number of asset objects unloaded after import = 145
========================================================================
Received Import Request.
  Time since last request: 0.514887 seconds.
  path: Assets/Art/ShootPackage/X Bot@Running Slide.fbx
  artifactKey: Guid(c6aeae5244d6a064382e32ce55cb30c3) Importer(815301076,1909f56bfc062723c751e8b465ee728b)
Number of updated assets reloaded before import = 0
Start importing Assets/Art/ShootPackage/X Bot@Running Slide.fbx using Guid(c6aeae5244d6a064382e32ce55cb30c3) Importer(815301076,1909f56bfc062723c751e8b465ee728b)  -> (artifact id: '5996a0700381c8d0ac296f5faaaee392') in 0.084660 seconds 
Number of asset objects unloaded after import = 145
========================================================================
Received Import Request.
  Time since last request: 8.061526 seconds.
  path: Assets/Art/ShootPackage/X Bot@Drop Kick.fbx
  artifactKey: Guid(5cbf672400755f046bd59af4f4d3743e) Importer(815301076,1909f56bfc062723c751e8b465ee728b)
Number of updated assets reloaded before import = 0
Start importing Assets/Art/ShootPackage/X Bot@Drop Kick.fbx using Guid(5cbf672400755f046bd59af4f4d3743e) Importer(815301076,1909f56bfc062723c751e8b465ee728b)  -> (artifact id: 'b51ddce5aa728ea95ec1baa58bb32065') in 0.083859 seconds 
Number of asset objects unloaded after import = 145
========================================================================
Received Import Request.
  Time since last request: 1.673243 seconds.
  path: Assets/Art/ShootPackage/X Bot@Running Forward Flip.fbx
  artifactKey: Guid(053fae3cec9b13543b2b0b5c9e030fe8) Importer(815301076,1909f56bfc062723c751e8b465ee728b)
Number of updated assets reloaded before import = 0
Start importing Assets/Art/ShootPackage/X Bot@Running Forward Flip.fbx using Guid(053fae3cec9b13543b2b0b5c9e030fe8) Importer(815301076,1909f56bfc062723c751e8b465ee728b)  -> (artifact id: '6c26e4423e4f8b7812efa1e2bc86669e') in 0.091149 seconds 
Number of asset objects unloaded after import = 145
========================================================================
Received Import Request.
  Time since last request: 0.248189 seconds.
  path: Assets/Art/ShootPackage/X Bot@Idle Crouching.fbx
  artifactKey: Guid(17777a7b894c96546a8202bb18d7edf6) Importer(815301076,1909f56bfc062723c751e8b465ee728b)
Number of updated assets reloaded before import = 0
Start importing Assets/Art/ShootPackage/X Bot@Idle Crouching.fbx using Guid(17777a7b894c96546a8202bb18d7edf6) Importer(815301076,1909f56bfc062723c751e8b465ee728b)  -> (artifact id: 'ff2c136421aa6bcc78c99cd6b333a26a') in 0.082169 seconds 
Number of asset objects unloaded after import = 145
========================================================================
Received Import Request.
  Time since last request: 11.284620 seconds.
  path: Assets/Art/ShootPackage/X Bot@Drop Kick.fbx
  artifactKey: Guid(5cbf672400755f046bd59af4f4d3743e) Importer(815301076,1909f56bfc062723c751e8b465ee728b)
Number of updated assets reloaded before import = 0
Start importing Assets/Art/ShootPackage/X Bot@Drop Kick.fbx using Guid(5cbf672400755f046bd59af4f4d3743e) Importer(815301076,1909f56bfc062723c751e8b465ee728b)  -> (artifact id: '3ebd15e776fae1ae66f855cab48a9e6b') in 0.215780 seconds 
Number of asset objects unloaded after import = 145
========================================================================
Received Import Request.
  Time since last request: 14.399491 seconds.
  path: Assets/Art/ShootPackage/X Bot@Idle Crouching.fbx
  artifactKey: Guid(17777a7b894c96546a8202bb18d7edf6) Importer(815301076,1909f56bfc062723c751e8b465ee728b)
Number of updated assets reloaded before import = 0
Start importing Assets/Art/ShootPackage/X Bot@Idle Crouching.fbx using Guid(17777a7b894c96546a8202bb18d7edf6) Importer(815301076,1909f56bfc062723c751e8b465ee728b)  -> (artifact id: '5a69623cb1ab49a4a065df6cb73fee6b') in 0.105582 seconds 
Number of asset objects unloaded after import = 145
========================================================================
Received Import Request.
  Time since last request: 113.285337 seconds.
  path: Assets/Anim/AnimatorController/Robot Kyle.controller
  artifactKey: Guid(3e41c7e36a5ad854bac5ca0adf4b21ec) Importer(815301076,1909f56bfc062723c751e8b465ee728b)
Number of updated assets reloaded before import = 0
Start importing Assets/Anim/AnimatorController/Robot Kyle.controller using Guid(3e41c7e36a5ad854bac5ca0adf4b21ec) Importer(815301076,1909f56bfc062723c751e8b465ee728b)  -> (artifact id: '657468a0cb4fda803710796ad642e11e') in 0.584708 seconds 
Number of asset objects unloaded after import = 40
========================================================================
Received Import Request.
  Time since last request: 64.118909 seconds.
  path: Assets/Art/ShootPackage/X Bot@Running Forward Flip.fbx
  artifactKey: Guid(053fae3cec9b13543b2b0b5c9e030fe8) Importer(815301076,1909f56bfc062723c751e8b465ee728b)
Number of updated assets reloaded before import = 0
Start importing Assets/Art/ShootPackage/X Bot@Running Forward Flip.fbx using Guid(053fae3cec9b13543b2b0b5c9e030fe8) Importer(815301076,1909f56bfc062723c751e8b465ee728b)  -> (artifact id: '0cd215ae748417bfbcc1fbb3e61a50ca') in 0.090889 seconds 
Number of asset objects unloaded after import = 145
========================================================================
Received Import Request.
  Time since last request: 20.089203 seconds.
  path: Assets/Art/ShootPackage/X Bot@Running Slide.fbx
  artifactKey: Guid(c6aeae5244d6a064382e32ce55cb30c3) Importer(815301076,1909f56bfc062723c751e8b465ee728b)
Number of updated assets reloaded before import = 0
Start importing Assets/Art/ShootPackage/X Bot@Running Slide.fbx using Guid(c6aeae5244d6a064382e32ce55cb30c3) Importer(815301076,1909f56bfc062723c751e8b465ee728b)  -> (artifact id: 'e54831930d44d889cfdbd515044086bb') in 0.067780 seconds 
Number of asset objects unloaded after import = 145
========================================================================
Received Import Request.
  Time since last request: 22.767951 seconds.
  path: Assets/Art/ShootPackage/X Bot@Running Slide.fbx
  artifactKey: Guid(c6aeae5244d6a064382e32ce55cb30c3) Importer(815301076,1909f56bfc062723c751e8b465ee728b)
Number of updated assets reloaded before import = 0
Start importing Assets/Art/ShootPackage/X Bot@Running Slide.fbx using Guid(c6aeae5244d6a064382e32ce55cb30c3) Importer(815301076,1909f56bfc062723c751e8b465ee728b)  -> (artifact id: '3675560d681d9c8f2f731fa5dc862c8e') in 0.106132 seconds 
Number of asset objects unloaded after import = 145
========================================================================
Received Import Request.
  Time since last request: 963.888759 seconds.
  path: Assets/Art/ShootPackage/X Bot@Running Slide.fbx
  artifactKey: Guid(c6aeae5244d6a064382e32ce55cb30c3) Importer(815301076,1909f56bfc062723c751e8b465ee728b)
Number of updated assets reloaded before import = 0
Start importing Assets/Art/ShootPackage/X Bot@Running Slide.fbx using Guid(c6aeae5244d6a064382e32ce55cb30c3) Importer(815301076,1909f56bfc062723c751e8b465ee728b)  -> (artifact id: 'fbcf7a292ae92f8f25e4538783a5024f') in 0.100224 seconds 
Number of asset objects unloaded after import = 146
========================================================================
Received Import Request.
  Time since last request: 148.787012 seconds.
  path: Assets/Anim/AnimatorController/Robot Kyle.controller
  artifactKey: Guid(3e41c7e36a5ad854bac5ca0adf4b21ec) Importer(815301076,1909f56bfc062723c751e8b465ee728b)
Number of updated assets reloaded before import = 0
Start importing Assets/Anim/AnimatorController/Robot Kyle.controller using Guid(3e41c7e36a5ad854bac5ca0adf4b21ec) Importer(815301076,1909f56bfc062723c751e8b465ee728b)  -> (artifact id: '1ca4a0ade84b4abe242cb7bf116316fc') in 0.015284 seconds 
Number of asset objects unloaded after import = 48
========================================================================
Received Import Request.
  Time since last request: 756.864722 seconds.
  path: Assets/Art/ShootPackage/X Bot@Walk Crouching Left (2).fbx
  artifactKey: Guid(8166dfd08b411d844b04abda59d3ab73) Importer(815301076,1909f56bfc062723c751e8b465ee728b)
Number of updated assets reloaded before import = 0
Start importing Assets/Art/ShootPackage/X Bot@Walk Crouching Left (2).fbx using Guid(8166dfd08b411d844b04abda59d3ab73) Importer(815301076,1909f56bfc062723c751e8b465ee728b)  -> (artifact id: '1c7517e731a3f926f4414b2d17e34ed6') in 0.075448 seconds 
Number of asset objects unloaded after import = 145
========================================================================
Received Import Request.
  Time since last request: 0.338129 seconds.
  path: Assets/Art/ShootPackage/X Bot@Walk Crouching Backward.fbx
  artifactKey: Guid(3f20fe8b4c75ca44682856ce348cef95) Importer(815301076,1909f56bfc062723c751e8b465ee728b)
Number of updated assets reloaded before import = 0
Start importing Assets/Art/ShootPackage/X Bot@Walk Crouching Backward.fbx using Guid(3f20fe8b4c75ca44682856ce348cef95) Importer(815301076,1909f56bfc062723c751e8b465ee728b)  -> (artifact id: 'b88ab5d8be5e85550304a65c3afe19f1') in 0.076045 seconds 
Number of asset objects unloaded after import = 145
========================================================================
Received Import Request.
  Time since last request: 6.417819 seconds.
  path: Assets/Art/ShootPackage/X Bot.fbx
  artifactKey: Guid(e8f6b3a53c8728040b8c29e796d9ca20) Importer(815301076,1909f56bfc062723c751e8b465ee728b)
Number of updated assets reloaded before import = 0
Start importing Assets/Art/ShootPackage/X Bot.fbx using Guid(e8f6b3a53c8728040b8c29e796d9ca20) Importer(815301076,1909f56bfc062723c751e8b465ee728b)  -> (artifact id: '1ce19fc6e92a9ef284eb1d0f7f58d35d') in 0.058149 seconds 
Number of asset objects unloaded after import = 147
========================================================================
Received Import Request.
  Time since last request: 2.428863 seconds.
  path: Assets/Art/ShootPackage/X Bot@Walk Crouching Left (2).fbx
  artifactKey: Guid(8166dfd08b411d844b04abda59d3ab73) Importer(815301076,1909f56bfc062723c751e8b465ee728b)
Number of updated assets reloaded before import = 0
Start importing Assets/Art/ShootPackage/X Bot@Walk Crouching Left (2).fbx using Guid(8166dfd08b411d844b04abda59d3ab73) Importer(815301076,1909f56bfc062723c751e8b465ee728b)  -> (artifact id: '16eb59664ae81827389b43828d4e53d5') in 0.059701 seconds 
Number of asset objects unloaded after import = 145
========================================================================
Received Import Request.
  Time since last request: 1.539735 seconds.
  path: Assets/Art/ShootPackage/X Bot@Walk Crouching Backward.fbx
  artifactKey: Guid(3f20fe8b4c75ca44682856ce348cef95) Importer(815301076,1909f56bfc062723c751e8b465ee728b)
Number of updated assets reloaded before import = 0
Start importing Assets/Art/ShootPackage/X Bot@Walk Crouching Backward.fbx using Guid(3f20fe8b4c75ca44682856ce348cef95) Importer(815301076,1909f56bfc062723c751e8b465ee728b)  -> (artifact id: 'afc56b9b1c7fe14d1edfd3af1a7e42af') in 0.066878 seconds 
Number of asset objects unloaded after import = 145
========================================================================
Received Import Request.
  Time since last request: 12.952382 seconds.
  path: Assets/Art/ShootPackage/X Bot@Walk Crouching Backward.fbx
  artifactKey: Guid(3f20fe8b4c75ca44682856ce348cef95) Importer(815301076,1909f56bfc062723c751e8b465ee728b)
Number of updated assets reloaded before import = 0
Start importing Assets/Art/ShootPackage/X Bot@Walk Crouching Backward.fbx using Guid(3f20fe8b4c75ca44682856ce348cef95) Importer(815301076,1909f56bfc062723c751e8b465ee728b)  -> (artifact id: '9de6425d849b60c0f8687d9a9647bb2a') in 0.120365 seconds 
Number of asset objects unloaded after import = 145
========================================================================
Received Import Request.
  Time since last request: 6.595768 seconds.
  path: Assets/Art/ShootPackage/X Bot@Walk Crouching Left (2).fbx
  artifactKey: Guid(8166dfd08b411d844b04abda59d3ab73) Importer(815301076,1909f56bfc062723c751e8b465ee728b)
Number of updated assets reloaded before import = 0
Start importing Assets/Art/ShootPackage/X Bot@Walk Crouching Left (2).fbx using Guid(8166dfd08b411d844b04abda59d3ab73) Importer(815301076,1909f56bfc062723c751e8b465ee728b)  -> (artifact id: '0153cc2d5746bdbaf7efd6c8b9530c0a') in 0.080495 seconds 
Number of asset objects unloaded after import = 145
========================================================================
Received Import Request.
  Time since last request: 1.493759 seconds.
  path: Assets/Art/ShootPackage/X Bot@Walk Crouching Right.fbx
  artifactKey: Guid(5066e12fe19d334439548987ffe64aea) Importer(815301076,1909f56bfc062723c751e8b465ee728b)
Number of updated assets reloaded before import = 0
Start importing Assets/Art/ShootPackage/X Bot@Walk Crouching Right.fbx using Guid(5066e12fe19d334439548987ffe64aea) Importer(815301076,1909f56bfc062723c751e8b465ee728b)  -> (artifact id: 'c332751b316e30fbfd0703a5c5a178b6') in 0.078335 seconds 
Number of asset objects unloaded after import = 145
========================================================================
Received Import Request.
  Time since last request: 4.940842 seconds.
  path: Assets/Art/ShootPackage/X Bot@Walk Crouching Right.fbx
  artifactKey: Guid(5066e12fe19d334439548987ffe64aea) Importer(815301076,1909f56bfc062723c751e8b465ee728b)
Number of updated assets reloaded before import = 0
Start importing Assets/Art/ShootPackage/X Bot@Walk Crouching Right.fbx using Guid(5066e12fe19d334439548987ffe64aea) Importer(815301076,1909f56bfc062723c751e8b465ee728b)  -> (artifact id: 'fd80689624687f1621456ad2d3784dfa') in 0.082242 seconds 
Number of asset objects unloaded after import = 145
========================================================================
Received Prepare
Registering precompiled user dll's ...
Registered in 0.008703 seconds.
Begin MonoManager ReloadAssembly
Symbol file LoadedFromMemory is not a mono symbol file
Native extension for WindowsStandalone target not found
Native extension for WebGL target not found
Refreshing native plugins compatible for Editor in 1.00 ms, found 3 plugins.
Preloading 0 native plugins for Editor in 0.00 ms.
[Package Manager] Server::EnsureServerProcessIsRunning -- launch failed, reason: Unity was launched with the -noUpm command-line argument
[Package Manager] Cannot connect to Unity Package Manager local server
Mono: successfully reloaded assembly
- Completed reload, in  3.317 seconds
Domain Reload Profiling:
	ReloadAssembly (3323ms)
		BeginReloadAssembly (1564ms)
			ExecutionOrderSort (1ms)
			DisableScriptedObjects (119ms)
			BackupInstance (0ms)
			ReleaseScriptingObjects (0ms)
			CreateAndSetChildDomain (793ms)
		EndReloadAssembly (1636ms)
			LoadAssemblies (205ms)
			RebuildTransferFunctionScriptingTraits (0ms)
			SetupTypeCache (423ms)
			ReleaseScriptCaches (1ms)
			RebuildScriptCaches (52ms)
			SetupLoadedEditorAssemblies (1025ms)
				LogAssemblyErrors (0ms)
				InitializePlatformSupportModulesInManaged (7ms)
				SetLoadedEditorAssemblies (1ms)
				RefreshPlugins (1ms)
				BeforeProcessingInitializeOnLoad (56ms)
				ProcessInitializeOnLoadAttributes (919ms)
				ProcessInitializeOnLoadMethodAttributes (36ms)
				AfterProcessingInitializeOnLoad (3ms)
				EditorAssembliesLoaded (1ms)
			ExecutionOrderSort2 (0ms)
			AwakeInstancesAfterBackupRestoration (6ms)
Platform modules already initialized, skipping
Refreshing native plugins compatible for Editor in 0.71 ms, found 3 plugins.
Preloading 0 native plugins for Editor in 0.00 ms.
Unloading 3687 Unused Serialized files (Serialized files now loaded: 0)
Unloading 29 unused Assets / (21.9 KB). Loaded Objects now: 4214.
Memory consumption went from 142.5 MB to 142.4 MB.
Total: 9.419500 ms (FindLiveObjects: 0.365500 ms CreateObjectMapping: 0.262200 ms MarkObjects: 8.723600 ms  DeleteObjects: 0.066800 ms)

AssetImportParameters requested are different than current active one (requested -> active):
  custom:video-decoder-ogg-theora: a1e56fd34408186e4bbccfd4996cb3dc -> 
  custom:container-muxer-webm: aa71ff27fc2769a1b78a27578f13a17b -> 
  custom:container-demuxer-webm: 4f35f7cbe854078d1ac9338744f61a02 -> 
  custom:video-encoder-webm-vp8: eb34c28f22e8b96e1ab97ce403110664 -> 
  custom:CustomObjectIndexerAttribute: bc11b3a6c3213fcdd17b65e7da85e133 -> 
  custom:audio-encoder-webm-vorbis: bf7c407c2cedff20999df2af8eb42d56 -> 
  custom:framework-win-MediaFoundation: 216162199b28c13a410421893ffa2e32 -> 
  custom:SearchIndexIgnoredProperties: e643bd26f0fe6173181afceb89e7c659 -> 
  custom:container-demuxer-ogg: 62fdf1f143b41e24485cea50d1cbac27 -> 
  custom:video-decoder-webm-vp8: 9c59270c3fd7afecdb556c50c9e8de78 -> 
  custom:audio-decoder-ogg-vorbis: bf7c407c2cedff20999df2af8eb42d56 -> 
========================================================================
Received Prepare
Registering precompiled user dll's ...
Registered in 0.015224 seconds.
Begin MonoManager ReloadAssembly
Symbol file LoadedFromMemory is not a mono symbol file
Native extension for WindowsStandalone target not found
Native extension for WebGL target not found
Refreshing native plugins compatible for Editor in 0.99 ms, found 3 plugins.
Preloading 0 native plugins for Editor in 0.00 ms.
[Package Manager] Server::EnsureServerProcessIsRunning -- launch failed, reason: Unity was launched with the -noUpm command-line argument
[Package Manager] Cannot connect to Unity Package Manager local server
Mono: successfully reloaded assembly
- Completed reload, in  3.098 seconds
Domain Reload Profiling:
	ReloadAssembly (3109ms)
		BeginReloadAssembly (1041ms)
			ExecutionOrderSort (0ms)
			DisableScriptedObjects (58ms)
			BackupInstance (0ms)
			ReleaseScriptingObjects (0ms)
			CreateAndSetChildDomain (482ms)
		EndReloadAssembly (1935ms)
			LoadAssemblies (217ms)
			RebuildTransferFunctionScriptingTraits (0ms)
			SetupTypeCache (469ms)
			ReleaseScriptCaches (3ms)
			RebuildScriptCaches (56ms)
			SetupLoadedEditorAssemblies (1242ms)
				LogAssemblyErrors (0ms)
				InitializePlatformSupportModulesInManaged (11ms)
				SetLoadedEditorAssemblies (2ms)
				RefreshPlugins (1ms)
				BeforeProcessingInitializeOnLoad (67ms)
				ProcessInitializeOnLoadAttributes (1112ms)
				ProcessInitializeOnLoadMethodAttributes (46ms)
				AfterProcessingInitializeOnLoad (3ms)
				EditorAssembliesLoaded (0ms)
			ExecutionOrderSort2 (0ms)
			AwakeInstancesAfterBackupRestoration (9ms)
Platform modules already initialized, skipping
Refreshing native plugins compatible for Editor in 0.89 ms, found 3 plugins.
Preloading 0 native plugins for Editor in 0.00 ms.
Unloading 3687 Unused Serialized files (Serialized files now loaded: 0)
Unloading 29 unused Assets / (21.9 KB). Loaded Objects now: 4217.
Memory consumption went from 142.5 MB to 142.5 MB.
Total: 6.195100 ms (FindLiveObjects: 0.374900 ms CreateObjectMapping: 0.289200 ms MarkObjects: 5.390800 ms  DeleteObjects: 0.139000 ms)

AssetImportParameters requested are different than current active one (requested -> active):
  custom:video-decoder-ogg-theora: a1e56fd34408186e4bbccfd4996cb3dc -> 
  custom:container-muxer-webm: aa71ff27fc2769a1b78a27578f13a17b -> 
  custom:container-demuxer-webm: 4f35f7cbe854078d1ac9338744f61a02 -> 
  custom:video-encoder-webm-vp8: eb34c28f22e8b96e1ab97ce403110664 -> 
  custom:CustomObjectIndexerAttribute: bc11b3a6c3213fcdd17b65e7da85e133 -> 
  custom:audio-encoder-webm-vorbis: bf7c407c2cedff20999df2af8eb42d56 -> 
  custom:framework-win-MediaFoundation: 216162199b28c13a410421893ffa2e32 -> 
  custom:SearchIndexIgnoredProperties: e643bd26f0fe6173181afceb89e7c659 -> 
  custom:container-demuxer-ogg: 62fdf1f143b41e24485cea50d1cbac27 -> 
  custom:video-decoder-webm-vp8: 9c59270c3fd7afecdb556c50c9e8de78 -> 
  custom:audio-decoder-ogg-vorbis: bf7c407c2cedff20999df2af8eb42d56 -> 
